I'm sorry, but errors were detected in your script. Please correct the
errors listed below, and try again.


File "game/script.rpy", line 569: Line is indented, but the preceding show statement statement does not expect a block. Please check this line's indentation.
    xalign 0.8 yalign 0.3
    ^

Ren'Py Version: Ren'Py 7.4.4.1439
Sun May 16 12:48:58 2021
